Capturing: demos, unit_tests, tui, web_ui
Starting screenshot capture process...
Output directory: /app/docs/screenshots

Capturing screenshots for demos...
  Processing demo: advanced-hypothesis-generation-demo.js
  Processing demo: advanced-lm-demo.js
  Processing demo: advanced-truth-value-revision-demo.js
  Processing demo: analyzer-demo.js
  Processing demo: basic-demo.js
  Processing demo: comprehensive-action-demo.js
  Processing demo: comprehensive-contradiction-demo.js
  Processing demo: comprehensive-system-demo.js
  Processing demo: debug-contradictions-demo.js
  Processing demo: enhanced-narsese-demo.js
  Processing demo: enhanced-perception-demo.js
  Processing demo: enhanced-temporal-reasoning-demo.js
  Processing demo: extended-inference-rules-demo.js
  Processing demo: forgetting-mechanism-demo.js
  Processing demo: interactive-runner.js
  Processing demo: library-usage-demo.js
  Processing demo: math-inference-demo.js
  Processing demo: nlp-integration-demo.js
  Processing demo: procedural-learning-demo.js
  Processing demo: showcase-demo.js
  Processing demo: strategy-comparison-demo.js
  Processing demo: test-utils.js
  Processing demo: unified-demo-template.js
Capturing unit test logs...
  Running all unit tests...
Vitest process exited with code 134.
Stderr:
<--- Last few GCs --->

[7133:0x6dcd000]   314743 ms: Mark-Compact 4004.6 (4128.5) -> 3978.4 (4128.5) MB, pooled: 4 MB, 2752.50 / 0.00 ms  (average mu = 0.306, current mu = 0.353) allocation failure; scavenge might not succeed
[7133:0x6dcd000]   318287 ms: Mark-Compact 3994.3 (4128.5) -> 3978.6 (4120.7) MB, pooled: 12 MB, 3000.19 / 0.00 ms  (average mu = 0.235, current mu = 0.153) allocation failure; scavenge might not succeed


<--- JS stacktrace --->

FATAL ERROR: Ineffective mark-compacts near heap limit Allocation failed - JavaScript heap out of memory
----- Native stack trace -----

 1: 0xe16044 node::OOMErrorHandler(char const*, v8::OOMDetails const&) [node (vitest)]
 2: 0x11e0dd0 v8::Utils::ReportOOMFailure(v8::internal::Isolate*, char const*, v8::OOMDetails const&) [node (vitest)]
 3: 0x11e10a7 v8::internal::V8::FatalProcessOutOfMemory(v8::internal::Isolate*, char const*, v8::OOMDetails const&) [node (vitest)]
 4: 0x140e985  [node (vitest)]
 5: 0x140e9b3  [node (vitest)]
 6: 0x1427a8a  [node (vitest)]
 7: 0x142ac58  [node (vitest)]
 8: 0x1c90921  [node (vitest)]
Aborted

Error processing test report for unit-tests: ENOENT: no such file or directory, open '/app/docs/screenshots/unit_tests/unit-tests-report.json'
Stderr:
<--- Last few GCs --->

[7133:0x6dcd000]   314743 ms: Mark-Compact 4004.6 (4128.5) -> 3978.4 (4128.5) MB, pooled: 4 MB, 2752.50 / 0.00 ms  (average mu = 0.306, current mu = 0.353) allocation failure; scavenge might not succeed
[7133:0x6dcd000]   318287 ms: Mark-Compact 3994.3 (4128.5) -> 3978.6 (4120.7) MB, pooled: 12 MB, 3000.19 / 0.00 ms  (average mu = 0.235, current mu = 0.153) allocation failure; scavenge might not succeed


<--- JS stacktrace --->

FATAL ERROR: Ineffective mark-compacts near heap limit Allocation failed - JavaScript heap out of memory
----- Native stack trace -----

 1: 0xe16044 node::OOMErrorHandler(char const*, v8::OOMDetails const&) [node (vitest)]
 2: 0x11e0dd0 v8::Utils::ReportOOMFailure(v8::internal::Isolate*, char const*, v8::OOMDetails const&) [node (vitest)]
 3: 0x11e10a7 v8::internal::V8::FatalProcessOutOfMemory(v8::internal::Isolate*, char const*, v8::OOMDetails const&) [node (vitest)]
 4: 0x140e985  [node (vitest)]
 5: 0x140e9b3  [node (vitest)]
 6: 0x1427a8a  [node (vitest)]
 7: 0x142ac58  [node (vitest)]
 8: 0x1c90921  [node (vitest)]
Aborted

    Error capturing unit tests: ENOENT: no such file or directory, open '/app/docs/screenshots/unit_tests/unit-tests-report.json'
Capturing console animations for TUI...
  Recording TUI session with asciinema...
  TUI animation capture completed and saved as tui-demo.cast
Capturing screenshots for Web UI...
    WebUI Error: npm warn exec The following package was not found and will be installed: vite@7.1.8
    WebUI Error: failed to load config from /app/ui/vite.config.js
    WebUI Error: error when starting dev server:
Error [ERR_MODULE_NOT_FOUND]: Cannot find package 'vite' imported from /app/ui/vite.config.js.timestamp-1759411707186-2e19ff6630c29.mjs
    at Object.getPackageJSONURL (node:internal/modules/package_json_reader:256:9)
    at packageResolve (node:internal/modules/esm/resolve:768:81)
    at moduleResolve (node:internal/modules/esm/resolve:854:18)
    at defaultResolve (node:internal/modules/esm/resolve:984:11)
    at ModuleLoader.defaultResolve (node:internal/modules/esm/loader:780:12)
    at #cachedDefaultResolve (node:internal/modules/esm/loader:704:25)
    at ModuleLoader.resolve (node:internal/modules/esm/loader:687:38)
    at ModuleLoader.getModuleJobForImport (node:internal/modules/esm/loader:305:38)
    at ModuleJob._link (node:internal/modules/esm/module_job:175:49)
    WebUI Error: failed to load config from /app/ui/vite.config.js
    WebUI Error: error when starting dev server:
Error [ERR_MODULE_NOT_FOUND]: Cannot find package 'vite' imported from /app/ui/vite.config.js.timestamp-1759411709658-183a3706db42f.mjs
    at Object.getPackageJSONURL (node:internal/modules/package_json_reader:256:9)
    at packageResolve (node:internal/modules/esm/resolve:768:81)
    at moduleResolve (node:internal/modules/esm/resolve:854:18)
    at defaultResolve (node:internal/modules/esm/resolve:984:11)
    at ModuleLoader.defaultResolve (node:internal/modules/esm/loader:780:12)
    at #cachedDefaultResolve (node:internal/modules/esm/loader:704:25)
    at ModuleLoader.resolve (node:internal/modules/esm/loader:687:38)
    at ModuleLoader.getModuleJobForImport (node:internal/modules/esm/loader:305:38)
    at ModuleJob._link (node:internal/modules/esm/module_job:175:49)
    WebUI Error: failed to load config from /app/ui/vite.config.js
    WebUI Error: error when starting dev server:
Error [ERR_MODULE_NOT_FOUND]: Cannot find package 'vite' imported from /app/ui/vite.config.js.timestamp-1759411712161-4171f14582a06.mjs
    at Object.getPackageJSONURL (node:internal/modules/package_json_reader:256:9)
    at packageResolve (node:internal/modules/esm/resolve:768:81)
    at moduleResolve (node:internal/modules/esm/resolve:854:18)
    at defaultResolve (node:internal/modules/esm/resolve:984:11)
    at ModuleLoader.defaultResolve (node:internal/modules/esm/loader:780:12)
    at #cachedDefaultResolve (node:internal/modules/esm/loader:704:25)
    at ModuleLoader.resolve (node:internal/modules/esm/loader:687:38)
    at ModuleLoader.getModuleJobForImport (node:internal/modules/esm/loader:305:38)
    at ModuleJob._link (node:internal/modules/esm/module_job:175:49)
    WebUI Error: failed to load config from /app/ui/vite.config.js
    WebUI Error: error when starting dev server:
Error [ERR_MODULE_NOT_FOUND]: Cannot find package 'vite' imported from /app/ui/vite.config.js.timestamp-1759411714592-c3b9022ad42e3.mjs
    at Object.getPackageJSONURL (node:internal/modules/package_json_reader:256:9)
    at packageResolve (node:internal/modules/esm/resolve:768:81)
    at moduleResolve (node:internal/modules/esm/resolve:854:18)
    at defaultResolve (node:internal/modules/esm/resolve:984:11)
    at ModuleLoader.defaultResolve (node:internal/modules/esm/loader:780:12)
    at #cachedDefaultResolve (node:internal/modules/esm/loader:704:25)
    at ModuleLoader.resolve (node:internal/modules/esm/loader:687:38)
    at ModuleLoader.getModuleJobForImport (node:internal/modules/esm/loader:305:38)
    at ModuleJob._link (node:internal/modules/esm/module_job:175:49)
    WebUI Error: failed to load config from /app/ui/vite.config.js
    WebUI Error: error when starting dev server:
Error [ERR_MODULE_NOT_FOUND]: Cannot find package 'vite' imported from /app/ui/vite.config.js.timestamp-1759411717085-3f91e7b10b8bd.mjs
    at Object.getPackageJSONURL (node:internal/modules/package_json_reader:256:9)
    at packageResolve (node:internal/modules/esm/resolve:768:81)
    at moduleResolve (node:internal/modules/esm/resolve:854:18)
    at defaultResolve (node:internal/modules/esm/resolve:984:11)
    at ModuleLoader.defaultResolve (node:internal/modules/esm/loader:780:12)
    at #cachedDefaultResolve (node:internal/modules/esm/loader:704:25)
    at ModuleLoader.resolve (node:internal/modules/esm/loader:687:38)
    at ModuleLoader.getModuleJobForImport (node:internal/modules/esm/loader:305:38)
    at ModuleJob._link (node:internal/modules/esm/module_job:175:49)
    WebUI Error: failed to load config from /app/ui/vite.config.js
    WebUI Error: error when starting dev server:
Error [ERR_MODULE_NOT_FOUND]: Cannot find package 'vite' imported from /app/ui/vite.config.js.timestamp-1759411719560-1cdd12a95221b.mjs
    at Object.getPackageJSONURL (node:internal/modules/package_json_reader:256:9)
    at packageResolve (node:internal/modules/esm/resolve:768:81)
    at moduleResolve (node:internal/modules/esm/resolve:854:18)
    at defaultResolve (node:internal/modules/esm/resolve:984:11)
    at ModuleLoader.defaultResolve (node:internal/modules/esm/loader:780:12)
    at #cachedDefaultResolve (node:internal/modules/esm/loader:704:25)
    at ModuleLoader.resolve (node:internal/modules/esm/loader:687:38)
    at ModuleLoader.getModuleJobForImport (node:internal/modules/esm/loader:305:38)
    at ModuleJob._link (node:internal/modules/esm/module_job:175:49)
    WebUI Error: failed to load config from /app/ui/vite.config.js
    WebUI Error: error when starting dev server:
Error [ERR_MODULE_NOT_FOUND]: Cannot find package 'vite' imported from /app/ui/vite.config.js.timestamp-1759411722042-984ffd893c73f.mjs
    at Object.getPackageJSONURL (node:internal/modules/package_json_reader:256:9)
    at packageResolve (node:internal/modules/esm/resolve:768:81)
    at moduleResolve (node:internal/modules/esm/resolve:854:18)
    at defaultResolve (node:internal/modules/esm/resolve:984:11)
    at ModuleLoader.defaultResolve (node:internal/modules/esm/loader:780:12)
    at #cachedDefaultResolve (node:internal/modules/esm/loader:704:25)
    at ModuleLoader.resolve (node:internal/modules/esm/loader:687:38)
    at ModuleLoader.getModuleJobForImport (node:internal/modules/esm/loader:305:38)
    at ModuleJob._link (node:internal/modules/esm/module_job:175:49)
    WebUI Error: failed to load config from /app/ui/vite.config.js
    WebUI Error: error when starting dev server:
Error [ERR_MODULE_NOT_FOUND]: Cannot find package 'vite' imported from /app/ui/vite.config.js.timestamp-1759411724500-5ec55bcd2731a.mjs
    at Object.getPackageJSONURL (node:internal/modules/package_json_reader:256:9)
    at packageResolve (node:internal/modules/esm/resolve:768:81)
    at moduleResolve (node:internal/modules/esm/resolve:854:18)
    at defaultResolve (node:internal/modules/esm/resolve:984:11)
    at ModuleLoader.defaultResolve (node:internal/modules/esm/loader:780:12)
    at #cachedDefaultResolve (node:internal/modules/esm/loader:704:25)
    at ModuleLoader.resolve (node:internal/modules/esm/loader:687:38)
    at ModuleLoader.getModuleJobForImport (node:internal/modules/esm/loader:305:38)
    at ModuleJob._link (node:internal/modules/esm/module_job:175:49)
