Ptmux;]0;SeNARS TUI - Self-Evolving Neuromorphic-Adaptive Reasoning System\[?1049h[?1h=[1;1r[?25l[1;1H[H[2J[?1000h[?1002hPtmux;[?1003h\Attempting to connect to agent service...
[?1005h[2;3H7[1;1H[37m(0l[m(B8[2;3H[?12l[?25hWebSocket error: ErrorEvent {
  [Symbol(kTarget)]: WebSocket {
    _events: [Object: null prototype] {
      open: [Function],
      close: [Function],
      message: [Function],
      error: [Function]
    },
    _eventsCount: 4,
    _maxListeners: undefined,
    _binaryType: 'nodebuffer',
    _closeCode: 1006,
    _closeFrameReceived: false,
    _closeFrameSent: false,
    _closeMessage: <Buffer >,
    _closeTimer: null,
    _errorEmitted: true,
    _extensions: {},
    _paused: false,
    _protocol: '',
    _readyState: 2,
    _receiver: null,
    _sender: null,
    _socket: null,
    _bufferedAmount: 0,
    _isServer: false,
    _redirects: 0,
    _autoPong: true,
    _url: 'ws://localhost:8080/',
    _req: null,
    [Symbol(shapeMode)]: false,
    [Symbol(kCapture)]: false
  },
  [Symbol(kType)]: 'error',
  [Symbol(kError)]: Error: connect ECONNREFUSED 127.0.0.1:8080
      at TCPConnectWrap.afterConnect [as oncomplete] (node:net:1637:16) {
    errno: -111,
    code: 'ECONNREFUSED',
    syscall: 'connect',
    address: '127.0.0.1',
    port: 8080
  },
  [Symbol(kMessage)]: 'connect ECONNREFUSED 127.0.0.1:8080'
}
